-- The CXX compiler identification is GNU 9.4.0
-- The C compiler identification is GNU 9.4.0
-- Check for working CXX compiler: /usr/bin/c++
-- Check for working CXX compiler: /usr/bin/c++ -- works
-- Detecting CXX compiler ABI info
-- Detecting CXX compiler ABI info - done
-- Detecting CXX compile features
-- Detecting CXX compile features - done
-- Check for working C compiler: /usr/bin/cc
-- Check for working C compiler: /usr/bin/cc -- works
-- Detecting C compiler ABI info
-- Detecting C compiler ABI info - done
-- Detecting C compile features
-- Detecting C compile features - done
-- Using default output directory /home/master01/CC_Exp/build
-- [33mProceeding without cmake-format[0m
-- Performing Test MISSING_OSTREAM_NULLPTR_OPERATOR
-- Performing Test MISSING_OSTREAM_NULLPTR_OPERATOR - Failed
-- Performing Test FILESYSTEM_LIBRARY_IS_LINKED
-- Performing Test FILESYSTEM_LIBRARY_IS_LINKED - Success
-- [33mfind_external_library: SQLite3 was not found. Missing headers: "sqlite3.h" and missing libraries: "sqlite3".[0m
-- [33mSQLite was not found[0m
-- [33mEigen was not found[0m
-- [33mHarfbuzz is required by GTK3 and was not found.[0m
-- [33mLibXML2 was not found. Continuing without it.[0m
-- [33mVisualizer requires Python bindings[0m
-- Found Boost: /usr/lib/x86_64-linux-gnu/cmake/Boost-1.71.0/BoostConfig.cmake (found version "1.71.0")  
-- Found PkgConfig: /usr/bin/pkg-config (found version "0.29.1") 
-- [33mGSL was not found. Continuing without it.[0m
-- [33mdocs: doxygen documentation not enabled due to missing dependencies: doxygen dot dia[0m
-- Failed to locate sphinx-build executable (missing: SPHINX_EXECUTABLE) 
-- [33mdocs: sphinx documentation not enabled due to missing dependencies: Sphinx epstopdf pdflatex latexmk convert dvipng[0m
-- Performing Test HAVE_UINT128_T
-- Performing Test HAVE_UINT128_T - Failed
-- Performing Test HAVE___UINT128_T
-- Performing Test HAVE___UINT128_T - Success
-- Looking for stdint.h
-- Looking for stdint.h - found
-- Looking for inttypes.h
-- Looking for inttypes.h - found
-- Looking for sys/types.h
-- Looking for sys/types.h - found
-- Looking for sys/stat.h
-- Looking for sys/stat.h - found
-- Looking for dirent.h
-- Looking for dirent.h - found
-- Looking for stdlib.h
-- Looking for stdlib.h - found
-- Looking for signal.h
-- Looking for signal.h - found
-- Looking for netpacket/packet.h
-- Looking for netpacket/packet.h - found
-- Looking for getenv
-- Looking for getenv - found
-- Precompiled headers were enabled
-- Processing src/antenna
-- Processing src/aodv
-- Processing src/applications
-- Processing src/bridge
-- Processing src/brite
-- [33mfind_external_library: brite was not found. Missing headers: "Brite.h" and missing libraries: "brite".[0m
-- [33mSkipping src/brite[0m
-- Processing src/buildings
-- Processing src/click
-- [33mfind_external_library: click was not found. Missing headers: "simclick.h" and missing libraries: "nsclick click".[0m
-- [33mSkipping src/click[0m
-- Processing src/config-store
-- Processing src/core
-- Looking for include files boost/units/quantity.hpp, boost/units/systems/si.hpp
-- Looking for include files boost/units/quantity.hpp, boost/units/systems/si.hpp - found
-- Boost Units have been found.
-- Processing src/csma
-- Processing src/csma-layout
-- Processing src/dsdv
-- Processing src/dsr
-- Processing src/energy
-- Processing src/fd-net-device
-- Looking for net/ethernet.h
-- Looking for net/ethernet.h - found
-- Looking for netpacket/packet.h
-- Looking for netpacket/packet.h - found
-- Looking for net/if.h
-- Looking for net/if.h - found
-- Looking for linux/if_tun.h
-- Looking for linux/if_tun.h - found
-- Looking for net/netmap_user.h
-- Looking for net/netmap_user.h - not found
-- Looking for sys/ioctl.h
-- Looking for sys/ioctl.h - found
-- Checking for module 'libdpdk'
--   No package 'libdpdk' found
-- Processing src/flow-monitor
-- Processing src/internet
-- Processing src/internet-apps
-- Processing src/lr-wpan
-- Processing src/lte
-- Processing src/mesh
-- Processing src/mobility
-- Processing src/netanim
-- Processing src/network
-- Processing src/nix-vector-routing
-- Processing src/olsr
-- Processing src/openflow
-- [33mfind_external_library: openflow was not found. Missing headers: "openflow.h" and missing libraries: "openflow".[0m
-- [33mSkipping src/openflow[0m
-- Processing src/point-to-point
-- Processing src/point-to-point-layout
-- Processing src/propagation
-- Processing src/sixlowpan
-- Processing src/spectrum
-- Processing src/stats
-- Processing src/tap-bridge
-- Processing src/test
-- Processing src/topology-read
-- Processing src/traffic-control
-- Processing src/uan
-- Processing src/virtual-net-device
-- Processing src/wifi
-- Processing src/wimax
CMake Error at build-support/custom-modules/ns3-lock.cmake:133 (file):
  file failed to open for writing (Permission denied):

    /home/master01/CC_Exp/.lock-ns3_linux_build
Call Stack (most recent call first):
  CMakeLists.txt:166 (write_lock)


-- ---- Summary of ns-3 settings:
Build profile                 : debug
Build directory               : /home/master01/CC_Exp/build
Build with runtime asserts    : [32mON[0m
Build with runtime logging    : [32mON[0m
Build version embedding       : OFF (not requested)
BRITE Integration             : [31mOFF (missing dependency)[0m
DES Metrics event collection  : OFF (not requested)
DPDK NetDevice                : OFF (not requested)
Emulation FdNetDevice         : [32mON[0m
Examples                      : [32mON[0m
File descriptor NetDevice     : [32mON[0m
GNU Scientific Library (GSL)  : [31mOFF (missing dependency)[0m
GtkConfigStore                : [31mOFF (missing dependency)[0m
LibXml2 support               : [31mOFF (missing dependency)[0m
MPI Support                   : OFF (not requested)
ns-3 Click Integration        : [31mOFF (missing dependency)[0m
ns-3 OpenFlow Integration     : [31mOFF (missing dependency)[0m
Netmap emulation FdNetDevice  : [31mOFF (missing dependency)[0m
PyViz visualizer              : [31mOFF (missing dependency)[0m
Python Bindings               : OFF (not requested)
SQLite support                : [31mOFF (missing dependency)[0m
Eigen3 support                : [31mOFF (missing dependency)[0m
Tap Bridge                    : [32mON[0m
Tap FdNetDevice               : [32mON[0m
Tests                         : [32mON[0m


Modules configured to be built:
antenna                   aodv                      applications              
bridge                    buildings                 config-store              
core                      csma                      csma-layout               
dsdv                      dsr                       energy                    
fd-net-device             flow-monitor              internet                  
internet-apps             lr-wpan                   lte                       
mesh                      mobility                  netanim                   
network                   nix-vector-routing        olsr                      
point-to-point            point-to-point-layout     propagation               
sixlowpan                 spectrum                  stats                     
tap-bridge                test                      topology-read             
traffic-control           uan                       virtual-net-device        
wifi                      wimax                     

Modules that cannot be built:
brite                     click                     mpi                       
openflow                  visualizer                


-- Configuring incomplete, errors occurred!
See also "/home/master01/CC_Exp/cmake-cache/CMakeFiles/CMakeOutput.log".
See also "/home/master01/CC_Exp/cmake-cache/CMakeFiles/CMakeError.log".
Finished executing the following commands:
mkdir cmake-cache
cd cmake-cache; /usr/bin/cmake -DCMAKE_BUILD_TYPE=debug -DNS3_ASSERT=ON -DNS3_LOG=ON -DNS3_WARNINGS_AS_ERRORS=ON -DNS3_NATIVE_OPTIMIZATIONS=OFF -DNS3_EXAMPLES=ON -DNS3_TESTS=ON -G Ninja .. ; cd ..
