examples/PowerTCP/config-workload.txtENABLE_QCN			Yes
PACKET_PAYLOAD_SIZE		1000
TOPOLOGY_FILE			/home/master01/CC_Exp/examples/PowerTCP/topology_simple.txt
FLOW_FILE			/home/master01/CC_Exp/simulator/ns-3.39/mix/40%load/workload/flows_40%load.txt
TRACE_FILE			/home/master01/CC_Exp/simulator/ns-3.39/mix/40%load/HPCC/HPCC_in_trace.txt
TRACE_OUTPUT_FILE		/home/master01/CC_Exp/simulator/ns-3.39/mix/40%load/HPCC/HPCC_out_trace.txt
FCT_OUTPUT_FILE		/home/master01/CC_Exp/simulator/ns-3.39/mix/40%load/HPCC/HPCC_out_fct.txt
PFC_OUTPUT_FILE				/home/master01/CC_Exp/simulator/ns-3.39/mix/40%load/HPCC/HPCC_out_pfc.txt
SIMULATOR_STOP_TIME		6
CC_MODE		3
ALPHA_RESUME_INTERVAL		1
RATE_DECREASE_INTERVAL		4
CLAMP_TARGET_RATE		No
RP_TIMER			900
EWMA_GAIN			0.00390625
FAST_RECOVERY_TIMES		1
RATE_AI				50Mb/s
RATE_HAI			100Mb/s
MIN_RATE		100Mb/s
DCTCP_RATE_AI				1000Mb/s
ERROR_RATE_PER_LINK		0
L2_CHUNK_SIZE			4000
L2_ACK_INTERVAL			1
L2_BACK_TO_ZERO			No
HAS_WIN		1
GLOBAL_T		1
VAR_WIN		1
FAST_REACT		1
U_TARGET		0.95
MI_THRESH		5
INT_MULTI				1
MULTI_RATE				0
SAMPLE_FEEDBACK				0
PINT_LOG_BASE				1.05
PINT_PROB				1
RATE_BOUND		1
ACK_HIGH_PRIO		0
LINK_DOWN				0 0 0
ENABLE_TRACE				1
KMAX_MAP				 100000000000 1600 200000000000 3200 400000000000 6400
KMIN_MAP				 100000000000 400 200000000000 800 400000000000 1600
PMAX_MAP				 100000000000 0.2 200000000000 0.2 400000000000 0.2
BUFFER_SIZE				4
QLEN_MON_FILE				/home/master01/CC_Exp/simulator/ns-3.39/mix/40%load/HPCC/HPCC_out_qlen.txt
QLEN_MON_START				2000000000
QLEN_MON_END				4000000000
FLOWGEN_START_TIME		2
FLOWGEN_STOP_TIME		4
RANDOM_SEED			4003
maxRtt=1200400 maxBdp=15005000 minRtt=20160
ERROR: node:6 NACK NIC cannot find the flow
ERROR: node:10 NACK NIC cannot find the flow
ERROR: node:10 NACK NIC cannot find the flow
ERROR: node:15 NACK NIC cannot find the flow
ERROR: node:14 NACK NIC cannot find the flow
ERROR: node:14 NACK NIC cannot find the flow
SimulationSeconds 3261.25
