[*] alg=dcqcn cc=1 N=64 SIM_STOP=0.20 -> /home/master01/CC_Exp/examples/PowerTCP/dump_burst_overhead/dcqcn/64 (timeout=5400s)
    elapsed=5s, fct lines=64, ft lines=36000
[*] alg=dcqcn cc=1 N=256 SIM_STOP=0.20 -> /home/master01/CC_Exp/examples/PowerTCP/dump_burst_overhead/dcqcn/256 (timeout=5400s)
    elapsed=38s, fct lines=256, ft lines=36000
[*] alg=dcqcn cc=1 N=1024 SIM_STOP=0.20 -> /home/master01/CC_Exp/examples/PowerTCP/dump_burst_overhead/dcqcn/1024 (timeout=5400s)
    elapsed=210s, fct lines=1024, ft lines=36000
[*] alg=dcqcn cc=1 N=4096 SIM_STOP=0.25 -> /home/master01/CC_Exp/examples/PowerTCP/dump_burst_overhead/dcqcn/4096 (timeout=5400s)
script-overhead-sweep-extra.sh: line 38:  9291 Killed                  timeout "$PER_RUN_TIMEOUT" "$BIN" --conf="$run_conf" --algorithm="$cc" --transportMode="$tp" --flowControlMode="$fc" --wien="$wien" --delayWien="$delay" --windowCheck="$window" > "$run_dir/run.log" 2>&1
    (run timed out or failed)
    elapsed=90s, fct lines=1280, ft lines=23904
[*] alg=dcqcn cc=1 N=8192 SIM_STOP=0.32 -> /home/master01/CC_Exp/examples/PowerTCP/dump_burst_overhead/dcqcn/8192 (timeout=5400s)
script-overhead-sweep-extra.sh: line 38:  9787 Killed                  timeout "$PER_RUN_TIMEOUT" "$BIN" --conf="$run_conf" --algorithm="$cc" --transportMode="$tp" --flowControlMode="$fc" --wien="$wien" --delayWien="$delay" --windowCheck="$window" > "$run_dir/run.log" 2>&1
    (run timed out or failed)
    elapsed=2302s, fct lines=2483, ft lines=30096
[*] alg=hpcc cc=3 N=64 SIM_STOP=0.20 -> /home/master01/CC_Exp/examples/PowerTCP/dump_burst_overhead/hpcc/64 (timeout=5400s)
script-overhead-sweep-extra.sh: line 38: 23520 Aborted                 timeout "$PER_RUN_TIMEOUT" "$BIN" --conf="$run_conf" --algorithm="$cc" --transportMode="$tp" --flowControlMode="$fc" --wien="$wien" --delayWien="$delay" --windowCheck="$window" > "$run_dir/run.log" 2>&1
    (run timed out or failed)
    elapsed=7s, fct lines=62, ft lines=25236
[*] alg=hpcc cc=3 N=256 SIM_STOP=0.20 -> /home/master01/CC_Exp/examples/PowerTCP/dump_burst_overhead/hpcc/256 (timeout=5400s)
script-overhead-sweep-extra.sh: line 38: 23588 Aborted                 timeout "$PER_RUN_TIMEOUT" "$BIN" --conf="$run_conf" --algorithm="$cc" --transportMode="$tp" --flowControlMode="$fc" --wien="$wien" --delayWien="$delay" --windowCheck="$window" > "$run_dir/run.log" 2>&1
    (run timed out or failed)
    elapsed=41s, fct lines=236, ft lines=25236
[*] alg=hpcc cc=3 N=1024 SIM_STOP=0.20 -> /home/master01/CC_Exp/examples/PowerTCP/dump_burst_overhead/hpcc/1024 (timeout=5400s)
script-overhead-sweep-extra.sh: line 38: 23987 Aborted                 timeout "$PER_RUN_TIMEOUT" "$BIN" --conf="$run_conf" --algorithm="$cc" --transportMode="$tp" --flowControlMode="$fc" --wien="$wien" --delayWien="$delay" --windowCheck="$window" > "$run_dir/run.log" 2>&1
    (run timed out or failed)
    elapsed=218s, fct lines=746, ft lines=25236
[*] alg=hpcc cc=3 N=4096 SIM_STOP=0.25 -> /home/master01/CC_Exp/examples/PowerTCP/dump_burst_overhead/hpcc/4096 (timeout=5400s)
script-overhead-sweep-extra.sh: line 38: 24884 Aborted                 timeout "$PER_RUN_TIMEOUT" "$BIN" --conf="$run_conf" --algorithm="$cc" --transportMode="$tp" --flowControlMode="$fc" --wien="$wien" --delayWien="$delay" --windowCheck="$window" > "$run_dir/run.log" 2>&1
    (run timed out or failed)
    elapsed=573s, fct lines=1438, ft lines=25506
[*] alg=hpcc cc=3 N=8192 SIM_STOP=0.32 -> /home/master01/CC_Exp/examples/PowerTCP/dump_burst_overhead/hpcc/8192 (timeout=5400s)
script-overhead-sweep-extra.sh: line 38: 27639 Aborted                 timeout "$PER_RUN_TIMEOUT" "$BIN" --conf="$run_conf" --algorithm="$cc" --transportMode="$tp" --flowControlMode="$fc" --wien="$wien" --delayWien="$delay" --windowCheck="$window" > "$run_dir/run.log" 2>&1
    (run timed out or failed)
    elapsed=560s, fct lines=2579, ft lines=25542
[*] alg=lpcc cc=9 N=64 SIM_STOP=0.20 -> /home/master01/CC_Exp/examples/PowerTCP/dump_burst_overhead/lpcc/64 (timeout=5400s)
    elapsed=4s, fct lines=64, ft lines=36000
[*] alg=lpcc cc=9 N=256 SIM_STOP=0.20 -> /home/master01/CC_Exp/examples/PowerTCP/dump_burst_overhead/lpcc/256 (timeout=5400s)
    elapsed=35s, fct lines=256, ft lines=36000
[*] alg=lpcc cc=9 N=1024 SIM_STOP=0.20 -> /home/master01/CC_Exp/examples/PowerTCP/dump_burst_overhead/lpcc/1024 (timeout=5400s)
    elapsed=194s, fct lines=1023, ft lines=36000
[*] alg=lpcc cc=9 N=4096 SIM_STOP=0.25 -> /home/master01/CC_Exp/examples/PowerTCP/dump_burst_overhead/lpcc/4096 (timeout=5400s)
