examples/PowerTCP/config-workload.txtENABLE_QCN			Yes
PACKET_PAYLOAD_SIZE		1000
TOPOLOGY_FILE			/home/master01/CC_Exp/examples/PowerTCP/topology_dci_lpcc.txt
FLOW_FILE			/home/master01/CC_Exp/simulator/ns-3.39/mix/40%load/workload/flows_40%load.txt
TRACE_FILE			/home/master01/CC_Exp/simulator/ns-3.39/mix/40%load/BICC/BICC_in_trace.txt
TRACE_OUTPUT_FILE		/home/master01/CC_Exp/simulator/ns-3.39/mix/40%load/BICC/BICC_out_trace.txt
FCT_OUTPUT_FILE		/home/master01/CC_Exp/simulator/ns-3.39/mix/40%load/BICC/BICC_out_fct.txt
PFC_OUTPUT_FILE				/home/master01/CC_Exp/simulator/ns-3.39/mix/40%load/BICC/BICC_out_pfc.txt
SIMULATOR_STOP_TIME		6
CC_MODE		3
ALPHA_RESUME_INTERVAL		1
RATE_DECREASE_INTERVAL		4
CLAMP_TARGET_RATE		No
RP_TIMER			900
EWMA_GAIN			0.00390625
FAST_RECOVERY_TIMES		1
RATE_AI				50Mb/s
RATE_HAI			100Mb/s
MIN_RATE		100Mb/s
DCTCP_RATE_AI				1000Mb/s
ERROR_RATE_PER_LINK		0
L2_CHUNK_SIZE			4000
L2_ACK_INTERVAL			1
L2_BACK_TO_ZERO			No
HAS_WIN		1
GLOBAL_T		1
VAR_WIN		1
FAST_REACT		1
U_TARGET		0.95
MI_THRESH		5
INT_MULTI				1
MULTI_RATE				0
SAMPLE_FEEDBACK				0
PINT_LOG_BASE				1.05
PINT_PROB				1
BICC_LONGHAUL_DELAY_CUTOFF_US		100
BICC_NS_FEEDBACK_MIN_INTERVAL_US	75
BICC_BLEND_BASE_RTT_NS			0
BICC_DST_BDP_FACTOR			1
BICC_SOFT_VOQ_MAX_PKTS			1024
BICC_ENABLE_ECN_CLEAR			1
RATE_BOUND		1
ACK_HIGH_PRIO		0
LINK_DOWN				0 0 0
ENABLE_TRACE				1
KMAX_MAP				 100000000000 1600 200000000000 3200 400000000000 6400
KMIN_MAP				 100000000000 400 200000000000 800 400000000000 1600
PMAX_MAP				 100000000000 0.2 200000000000 0.2 400000000000 0.2
BUFFER_SIZE				4
QLEN_MON_FILE				/home/master01/CC_Exp/simulator/ns-3.39/mix/40%load/BICC/BICC_out_qlen.txt
QLEN_MON_START				2000000000
QLEN_MON_END				4000000000
FLOWGEN_START_TIME		2
FLOWGEN_STOP_TIME		4
RANDOM_SEED			4001
maxRtt=960480 maxBdp=12006000 minRtt=20160
ERROR: node:7 NACK NIC cannot find the flow
ERROR: node:5 NACK NIC cannot find the flow
ERROR: node:5 NACK NIC cannot find the flow
ERROR: node:1 NACK NIC cannot find the flow
ERROR: node:6 NACK NIC cannot find the flow
ERROR: node:0 NACK NIC cannot find the flow
ERROR: node:1 NACK NIC cannot find the flow
ERROR: node:4 NACK NIC cannot find the flow
ERROR: node:3 NACK NIC cannot find the flow
ERROR: node:0 NACK NIC cannot find the flow
ERROR: node:4 NACK NIC cannot find the flow
ERROR: node:1 NACK NIC cannot find the flow
ERROR: node:2 NACK NIC cannot find the flow
ERROR: node:1 NACK NIC cannot find the flow
ERROR: node:0 NACK NIC cannot find the flow
ERROR: node:6 NACK NIC cannot find the flow
ERROR: node:5 NACK NIC cannot find the flow
ERROR: node:4 NACK NIC cannot find the flow
ERROR: node:4 NACK NIC cannot find the flow
ERROR: node:3 NACK NIC cannot find the flow
ERROR: node:1 NACK NIC cannot find the flow
ERROR: node:0 NACK NIC cannot find the flow
ERROR: node:7 NACK NIC cannot find the flow
ERROR: node:4 NACK NIC cannot find the flow
ERROR: node:7 NACK NIC cannot find the flow
ERROR: node:2 NACK NIC cannot find the flow
ERROR: node:1 NACK NIC cannot find the flow
ERROR: node:0 NACK NIC cannot find the flow
ERROR: node:3 NACK NIC cannot find the flow
ERROR: node:1 NACK NIC cannot find the flow
ERROR: node:6 NACK NIC cannot find the flow
ERROR: node:4 NACK NIC cannot find the flow
ERROR: node:6 NACK NIC cannot find the flow
ERROR: node:1 NACK NIC cannot find the flow
ERROR: node:0 NACK NIC cannot find the flow
ERROR: node:5 NACK NIC cannot find the flow
ERROR: node:0 NACK NIC cannot find the flow
ERROR: node:5 NACK NIC cannot find the flow
ERROR: node:4 NACK NIC cannot find the flow
ERROR: node:4 NACK NIC cannot find the flow
ERROR: node:0 NACK NIC cannot find the flow
ERROR: node:2 NACK NIC cannot find the flow
ERROR: node:2 NACK NIC cannot find the flow
ERROR: node:3 NACK NIC cannot find the flow
ERROR: node:6 NACK NIC cannot find the flow
SimulationSeconds 5028.71
BiCCStats node=16 ns_fb=0 ecn_clear=0 softvoq_enq=0 softvoq_deq=0
BiCCStats node=17 ns_fb=0 ecn_clear=0 softvoq_enq=0 softvoq_deq=0
BiCCStats node=18 ns_fb=0 ecn_clear=0 softvoq_enq=0 softvoq_deq=0
BiCCStats node=19 ns_fb=0 ecn_clear=0 softvoq_enq=0 softvoq_deq=0
BiCCStats node=20 ns_fb=9746 ecn_clear=2827379 softvoq_enq=9111 softvoq_deq=919
BiCCStats node=21 ns_fb=12794 ecn_clear=2345586 softvoq_enq=10118 softvoq_deq=1926
BiCCStats node=22 ns_fb=0 ecn_clear=0 softvoq_enq=0 softvoq_deq=0
BiCCStats node=23 ns_fb=0 ecn_clear=0 softvoq_enq=0 softvoq_deq=0
BiCCStats node=24 ns_fb=0 ecn_clear=0 softvoq_enq=0 softvoq_deq=0
BiCCStats node=25 ns_fb=3100 ecn_clear=50292516 softvoq_enq=8327 softvoq_deq=135
BiCCStats node=26 ns_fb=3893 ecn_clear=50897234 softvoq_enq=8274 softvoq_deq=82
